
> lab-site@0.1.0 build
> npm run images:optimize && next build


> lab-site@0.1.0 images:optimize
> node scripts/optimize-images.mjs

optimized source images: 70
generated variants: 162
skipped variants: 0
optimized dirs image total: 187.31 MB
cmd : 鈿?Warning: Next.js inferred your workspace root, but it may not be correct.
所在位置 行:1 字符: 1
+ cmd /c npm run build > build-output.txt 2>&1; Get-Content -Path 'buil ...
+ ~~~~~~~~~~~~~~~~~~~~~~~~~~~~~~~~~~~~~~~~~~~~
    + CategoryInfo          : NotSpecified: (鈿?Warning: Next...not be correct.:String) [], RemoteException
    + FullyQualifiedErrorId : NativeCommandError
 
 We detected multiple lockfiles and selected the directory of C:\Users\admin\package-lock.json as the root directory.
 To silence this warning, set `turbopack.root` in your Next.js config, or consider removing one of the lockfiles if it's not needed.
   See https://nextjs.org/docs/app/api-reference/config/next-config-js/turbopack#root-directory for more information.
 Detected additional lockfiles: 
   * C:\Users\admin\lab-site\package-lock.json

鈻?Next.js 16.1.6 (Turbopack)

  Creating an optimized production build ...
鉁?Compiled successfully in 1665.3ms
  Running TypeScript ...
  Collecting page data using 31 workers ...
  Generating static pages using 31 workers (0/19) ...
  Generating static pages using 31 workers (4/19) 
  Generating static pages using 31 workers (9/19) 
  Generating static pages using 31 workers (14/19) 
鉁?Generating static pages using 31 workers (19/19) in 417.5ms
  Finalizing page optimization ...

Route (app)
鈹?鈼?/
鈹?鈼?/_not-found
鈹?鈼?/contact
鈹?鈼?/honors
鈹?鈼?/industrialization
鈹?鈼?/industrialization/[slug]
鈹?鈹?/industrialization/aquaculture
鈹?鈹?/industrialization/reid-device-tianjin
鈹?鈼?/news
鈹?鈼?/people
鈹?鈼?/publications
鈹?鈼?/research
鈹?鈼?/research/[slug]
鈹?鈹?/research/water-quality-safety
鈹?鈹?/research/bubble-collapse-oh
鈹?鈹?/research/surface-cleaning-removal
鈹?鈹?[+2 more paths]
鈹?鈼?/showcase


鈼? (Static)  prerendered as static content
鈼? (SSG)     prerendered as static HTML (uses generateStaticParams)

